\BOOKMARK [1][-]{section.1}{\376\377\000I\000n\000t\000r\000o\000d\000u\000c\000c\000i\000\363\000n}{}% 1
\BOOKMARK [2][-]{subsection.1.1}{\376\377\000P\000r\000o\000p\000\363\000s\000i\000t\000o\000\040\000d\000e\000l\000\040\000d\000o\000c\000u\000m\000e\000n\000t\000o}{section.1}% 2
\BOOKMARK [2][-]{subsection.1.2}{\376\377\000A\000l\000c\000a\000n\000c\000e}{section.1}% 3
\BOOKMARK [2][-]{subsection.1.3}{\376\377\000C\000o\000n\000t\000e\000x\000t\000o\000\040\000d\000e\000l\000\040\000p\000r\000o\000b\000l\000e\000m\000a}{section.1}% 4
\BOOKMARK [1][-]{section.2}{\376\377\000A\000r\000q\000u\000i\000t\000e\000c\000t\000u\000r\000a\000\040\000g\000e\000n\000e\000r\000a\000l\000\040\000d\000e\000l\000\040\000m\000\363\000d\000u\000l\000o\000\040\000d\000e\000\040\000p\000o\000s\000i\000c\000i\000o\000n\000a\000m\000i\000e\000n\000t\000o}{}% 5
\BOOKMARK [2][-]{subsection.2.1}{\376\377\000V\000i\000s\000i\000\363\000n\000\040\000g\000e\000n\000e\000r\000a\000l}{section.2}% 6
\BOOKMARK [2][-]{subsection.2.2}{\376\377\000P\000i\000p\000e\000l\000i\000n\000e\000\040\000d\000e\000\040\000r\000e\000c\000u\000p\000e\000r\000a\000c\000i\000\363\000n}{section.2}% 7
\BOOKMARK [2][-]{subsection.2.3}{\376\377\000C\000o\000m\000p\000o\000n\000e\000n\000t\000e\000s\000\040\000i\000n\000v\000o\000l\000u\000c\000r\000a\000d\000o\000s}{section.2}% 8
\BOOKMARK [2][-]{subsection.2.4}{\376\377\000I\000n\000t\000e\000r\000a\000c\000c\000i\000\363\000n\000\040\000b\000a\000c\000k\000e\000n\000d\000/\000f\000r\000o\000n\000t\000e\000n\000d}{section.2}% 9
\BOOKMARK [1][-]{section.3}{\376\377\000S\000e\000\361\000a\000l\000e\000s\000\040\000u\000t\000i\000l\000i\000z\000a\000d\000a\000s\000\040\000e\000n\000\040\000e\000l\000\040\000r\000a\000n\000k\000i\000n\000g}{}% 10
\BOOKMARK [2][-]{subsection.3.1}{\376\377\000P\000r\000i\000n\000c\000i\000p\000i\000o\000\040\000g\000e\000n\000e\000r\000a\000l}{section.3}% 11
\BOOKMARK [2][-]{subsection.3.2}{\376\377\000R\000e\000l\000e\000v\000a\000n\000c\000i\000a\000\040\000t\000e\000x\000t\000u\000a\000l}{section.3}% 12
\BOOKMARK [2][-]{subsection.3.3}{\376\377\000C\000o\000i\000n\000c\000i\000d\000e\000n\000c\000i\000a\000\040\000e\000x\000a\000c\000t\000a}{section.3}% 13
\BOOKMARK [2][-]{subsection.3.4}{\376\377\000P\000o\000p\000u\000l\000a\000r\000i\000d\000a\000d}{section.3}% 14
\BOOKMARK [2][-]{subsection.3.5}{\376\377\000F\000r\000e\000c\000u\000e\000n\000c\000i\000a\000\040\000d\000e\000\040\000i\000n\000t\000e\000r\000a\000c\000c\000i\000\363\000n}{section.3}% 15
\BOOKMARK [2][-]{subsection.3.6}{\376\377\000R\000e\000c\000e\000n\000c\000i\000a\000\040\000o\000\040\000f\000r\000e\000s\000c\000u\000r\000a}{section.3}% 16
\BOOKMARK [2][-]{subsection.3.7}{\376\377\000P\000r\000e\000f\000e\000r\000e\000n\000c\000i\000a\000s\000\040\000d\000e\000l\000\040\000u\000s\000u\000a\000r\000i\000o}{section.3}% 17
\BOOKMARK [2][-]{subsection.3.8}{\376\377\000R\000e\000g\000l\000a\000s\000\040\000d\000e\000\040\000n\000e\000g\000o\000c\000i\000o}{section.3}% 18
\BOOKMARK [2][-]{subsection.3.9}{\376\377\000S\000c\000o\000r\000i\000n\000g\000\040\000c\000o\000m\000p\000u\000e\000s\000t\000o}{section.3}% 19
\BOOKMARK [2][-]{subsection.3.10}{\376\377\000P\000e\000s\000o\000s\000\040\000y\000\040\000n\000o\000r\000m\000a\000l\000i\000z\000a\000c\000i\000\363\000n}{section.3}% 20
\BOOKMARK [1][-]{section.4}{\376\377\000E\000s\000t\000r\000a\000t\000e\000g\000i\000a\000\040\000d\000e\000\040\000p\000o\000s\000i\000c\000i\000o\000n\000a\000m\000i\000e\000n\000t\000o\000\040\000v\000i\000s\000u\000a\000l}{}% 21
\BOOKMARK [2][-]{subsection.4.1}{\376\377\000J\000e\000r\000a\000r\000q\000u\000\355\000a\000\040\000v\000i\000s\000u\000a\000l}{section.4}% 22
\BOOKMARK [2][-]{subsection.4.2}{\376\377\000A\000g\000r\000u\000p\000a\000c\000i\000\363\000n\000\040\000d\000e\000\040\000c\000o\000n\000t\000e\000n\000i\000d\000o\000s}{section.4}% 23
\BOOKMARK [2][-]{subsection.4.3}{\376\377\000O\000r\000d\000e\000n\000\040\000d\000e\000\040\000a\000p\000a\000r\000i\000c\000i\000\363\000n}{section.4}% 24
\BOOKMARK [2][-]{subsection.4.4}{\376\377\000B\000l\000o\000q\000u\000e\000s\000\040\000d\000e\000s\000t\000a\000c\000a\000d\000o\000s}{section.4}% 25
\BOOKMARK [2][-]{subsection.4.5}{\376\377\000M\000e\000z\000c\000l\000a\000\040\000d\000e\000\040\000c\000o\000n\000t\000e\000n\000i\000d\000o\000s\000\040\000h\000e\000t\000e\000r\000o\000g\000\351\000n\000e\000o\000s}{section.4}% 26
\BOOKMARK [2][-]{subsection.4.6}{\376\377\000S\000e\000p\000a\000r\000a\000c\000i\000\363\000n\000\040\000v\000i\000s\000u\000a\000l\000\040\000e\000n\000t\000r\000e\000\040\000t\000i\000p\000o\000s}{section.4}% 27
\BOOKMARK [2][-]{subsection.4.7}{\376\377\000P\000r\000i\000o\000r\000i\000d\000a\000d\000\040\000v\000i\000s\000u\000a\000l\000\040\000v\000s\000\040\000p\000r\000i\000o\000r\000i\000d\000a\000d\000\040\000l\000\363\000g\000i\000c\000a}{section.4}% 28
\BOOKMARK [1][-]{section.5}{\376\377\000R\000e\000l\000a\000c\000i\000\363\000n\000\040\000e\000n\000t\000r\000e\000\040\000d\000e\000c\000i\000s\000i\000o\000n\000e\000s\000\040\000t\000\351\000c\000n\000i\000c\000a\000s\000\040\000y\000\040\000U\000X}{}% 29
\BOOKMARK [2][-]{subsection.5.1}{\376\377\000R\000e\000d\000u\000c\000c\000i\000\363\000n\000\040\000d\000e\000\040\000c\000a\000r\000g\000a\000\040\000c\000o\000g\000n\000i\000t\000i\000v\000a}{section.5}% 30
\BOOKMARK [2][-]{subsection.5.2}{\376\377\000M\000e\000j\000o\000r\000a\000\040\000d\000e\000l\000\040\000d\000e\000s\000c\000u\000b\000r\000i\000m\000i\000e\000n\000t\000o}{section.5}% 31
\BOOKMARK [2][-]{subsection.5.3}{\376\377\000A\000u\000m\000e\000n\000t\000o\000\040\000d\000e\000\040\000r\000e\000l\000e\000v\000a\000n\000c\000i\000a\000\040\000p\000e\000r\000c\000i\000b\000i\000d\000a}{section.5}% 32
\BOOKMARK [2][-]{subsection.5.4}{\376\377\000C\000o\000n\000s\000i\000s\000t\000e\000n\000c\000i\000a\000\040\000v\000i\000s\000u\000a\000l}{section.5}% 33
\BOOKMARK [2][-]{subsection.5.5}{\376\377\000R\000e\000d\000u\000c\000c\000i\000\363\000n\000\040\000d\000e\000\040\000r\000u\000i\000d\000o\000\040\000v\000i\000s\000u\000a\000l}{section.5}% 34
\BOOKMARK [2][-]{subsection.5.6}{\376\377\000E\000s\000c\000a\000n\000e\000a\000b\000i\000l\000i\000d\000a\000d}{section.5}% 35
\BOOKMARK [1][-]{section.6}{\376\377\000E\000s\000t\000r\000a\000t\000e\000g\000i\000a\000\040\000d\000e\000\040\000o\000r\000d\000e\000n\000a\000m\000i\000e\000n\000t\000o}{}% 36
\BOOKMARK [2][-]{subsection.6.1}{\376\377\000R\000a\000n\000k\000i\000n\000g\000\040\000p\000r\000i\000n\000c\000i\000p\000a\000l}{section.6}% 37
\BOOKMARK [2][-]{subsection.6.2}{\376\377\000D\000e\000s\000e\000m\000p\000a\000t\000e\000s}{section.6}% 38
\BOOKMARK [2][-]{subsection.6.3}{\376\377\000B\000o\000o\000s\000t\000i\000n\000g}{section.6}% 39
\BOOKMARK [2][-]{subsection.6.4}{\376\377\000D\000e\000g\000r\000a\000d\000a\000c\000i\000\363\000n\000\040\000c\000o\000n\000t\000r\000o\000l\000a\000d\000a}{section.6}% 40
\BOOKMARK [2][-]{subsection.6.5}{\376\377\000D\000i\000v\000e\000r\000s\000i\000f\000i\000c\000a\000c\000i\000\363\000n}{section.6}% 41
\BOOKMARK [2][-]{subsection.6.6}{\376\377\000D\000e\000d\000u\000p\000l\000i\000c\000a\000c\000i\000\363\000n}{section.6}% 42
\BOOKMARK [2][-]{subsection.6.7}{\376\377\000B\000a\000l\000a\000n\000c\000e\000\040\000e\000n\000t\000r\000e\000\040\000p\000r\000e\000c\000i\000s\000i\000\363\000n\000\040\000y\000\040\000e\000x\000p\000l\000o\000r\000a\000c\000i\000\363\000n}{section.6}% 43
\BOOKMARK [1][-]{section.7}{\376\377\000V\000e\000n\000t\000a\000j\000a\000s\000\040\000d\000e\000\040\000l\000a\000\040\000e\000s\000t\000r\000a\000t\000e\000g\000i\000a\000\040\000a\000d\000o\000p\000t\000a\000d\000a}{}% 44
\BOOKMARK [1][-]{section.8}{\376\377\000L\000i\000m\000i\000t\000a\000c\000i\000o\000n\000e\000s\000\040\000y\000\040\000t\000r\000a\000d\000e\000-\000o\000f\000f\000s}{}% 45
\BOOKMARK [2][-]{subsection.8.1}{\376\377\000S\000e\000s\000g\000o\000\040\000d\000e\000\040\000p\000o\000p\000u\000l\000a\000r\000i\000d\000a\000d}{section.8}% 46
\BOOKMARK [2][-]{subsection.8.2}{\376\377\000C\000o\000l\000d\000\040\000s\000t\000a\000r\000t}{section.8}% 47
\BOOKMARK [2][-]{subsection.8.3}{\376\377\000D\000e\000p\000e\000n\000d\000e\000n\000c\000i\000a\000\040\000d\000e\000\040\000m\000e\000t\000a\000d\000a\000t\000a}{section.8}% 48
\BOOKMARK [2][-]{subsection.8.4}{\376\377\000C\000o\000m\000p\000l\000e\000j\000i\000d\000a\000d\000\040\000d\000e\000\040\000t\000u\000n\000i\000n\000g}{section.8}% 49
\BOOKMARK [2][-]{subsection.8.5}{\376\377\000C\000o\000n\000f\000l\000i\000c\000t\000o\000s\000\040\000e\000n\000t\000r\000e\000\040\000n\000e\000g\000o\000c\000i\000o\000\040\000y\000\040\000r\000e\000l\000e\000v\000a\000n\000c\000i\000a}{section.8}% 50
\BOOKMARK [2][-]{subsection.8.6}{\376\377\000C\000o\000s\000t\000o\000\040\000c\000o\000m\000p\000u\000t\000a\000c\000i\000o\000n\000a\000l}{section.8}% 51
\BOOKMARK [1][-]{section.9}{\376\377\000R\000e\000l\000a\000c\000i\000\363\000n\000\040\000c\000o\000n\000\040\000i\000m\000p\000l\000e\000m\000e\000n\000t\000a\000c\000i\000\363\000n\000\040\000r\000e\000a\000l}{}% 52
\BOOKMARK [2][-]{subsection.9.1}{\376\377\000E\000s\000t\000r\000u\000c\000t\000u\000r\000a\000s\000\040\000d\000e\000\040\000s\000c\000o\000r\000i\000n\000g}{section.9}% 53
\BOOKMARK [2][-]{subsection.9.2}{\376\377\000M\000e\000t\000a\000d\000a\000t\000a\000\040\000r\000e\000q\000u\000e\000r\000i\000d\000a}{section.9}% 54
\BOOKMARK [2][-]{subsection.9.3}{\376\377\000C\000o\000n\000f\000i\000g\000u\000r\000a\000c\000i\000\363\000n\000\040\000d\000e\000\040\000p\000e\000s\000o\000s}{section.9}% 55
\BOOKMARK [2][-]{subsection.9.4}{\376\377\000I\000n\000t\000e\000g\000r\000a\000c\000i\000\363\000n\000\040\000f\000r\000o\000n\000t\000e\000n\000d\000/\000b\000a\000c\000k\000e\000n\000d}{section.9}% 56
\BOOKMARK [1][-]{section.10}{\376\377\000C\000a\000s\000o\000s\000\040\000e\000s\000p\000e\000c\000i\000a\000l\000e\000s}{}% 57
\BOOKMARK [2][-]{subsection.10.1}{\376\377\000A\000u\000s\000e\000n\000c\000i\000a\000\040\000d\000e\000\040\000r\000e\000s\000u\000l\000t\000a\000d\000o\000s\000\040\000r\000e\000l\000e\000v\000a\000n\000t\000e\000s}{section.10}% 58
\BOOKMARK [2][-]{subsection.10.2}{\376\377\000C\000o\000n\000t\000e\000n\000i\000d\000o\000\040\000p\000a\000t\000r\000o\000c\000i\000n\000a\000d\000o}{section.10}% 59
\BOOKMARK [2][-]{subsection.10.3}{\376\377\000C\000o\000n\000t\000e\000n\000i\000d\000o\000\040\000d\000u\000p\000l\000i\000c\000a\000d\000o}{section.10}% 60
\BOOKMARK [2][-]{subsection.10.4}{\376\377\000E\000m\000p\000a\000t\000e\000s\000\040\000d\000e\000\040\000s\000c\000o\000r\000e}{section.10}% 61
\BOOKMARK [2][-]{subsection.10.5}{\376\377\000C\000o\000n\000t\000e\000n\000i\000d\000o\000\040\000r\000e\000c\000i\000e\000n\000t\000e\000\040\000s\000i\000n\000\040\000i\000n\000t\000e\000r\000a\000c\000c\000i\000\363\000n}{section.10}% 62
\BOOKMARK [1][-]{section.11}{\376\377\000C\000r\000i\000t\000e\000r\000i\000o\000s\000\040\000t\000\351\000c\000n\000i\000c\000o\000s\000\040\000d\000e\000\040\000c\000a\000l\000i\000d\000a\000d}{}% 63
\BOOKMARK [2][-]{subsection.11.1}{\376\377\000C\000o\000n\000s\000i\000s\000t\000e\000n\000c\000i\000a}{section.11}% 64
\BOOKMARK [2][-]{subsection.11.2}{\376\377\000R\000e\000p\000r\000o\000d\000u\000c\000i\000b\000i\000l\000i\000d\000a\000d}{section.11}% 65
\BOOKMARK [2][-]{subsection.11.3}{\376\377\000E\000x\000p\000l\000i\000c\000a\000b\000i\000l\000i\000d\000a\000d}{section.11}% 66
\BOOKMARK [2][-]{subsection.11.4}{\376\377\000E\000s\000t\000a\000b\000i\000l\000i\000d\000a\000d\000\040\000v\000i\000s\000u\000a\000l}{section.11}% 67
\BOOKMARK [2][-]{subsection.11.5}{\376\377\000P\000e\000r\000f\000o\000r\000m\000a\000n\000c\000e}{section.11}% 68
\BOOKMARK [1][-]{section.12}{\376\377\000M\000\351\000t\000r\000i\000c\000a\000s\000\040\000d\000e\000\040\000e\000v\000a\000l\000u\000a\000c\000i\000\363\000n\000\040\000d\000e\000l\000\040\000r\000a\000n\000k\000i\000n\000g}{}% 69
\BOOKMARK [2][-]{subsection.12.1}{\376\377\000M\000\351\000t\000r\000i\000c\000a\000s\000\040\000o\000f\000f\000l\000i\000n\000e}{section.12}% 70
\BOOKMARK [2][-]{subsection.12.2}{\376\377\000M\000\351\000t\000r\000i\000c\000a\000s\000\040\000o\000n\000l\000i\000n\000e}{section.12}% 71
\BOOKMARK [2][-]{subsection.12.3}{\376\377\000M\000\351\000t\000r\000i\000c\000a\000s\000\040\000U\000X}{section.12}% 72
\BOOKMARK [1][-]{section.13}{\376\377\000E\000j\000e\000m\000p\000l\000o\000\040\000d\000e\000\040\000s\000c\000o\000r\000i\000n\000g}{}% 73
\BOOKMARK [1][-]{section.14}{\376\377\000E\000j\000e\000m\000p\000l\000o\000\040\000d\000e\000\040\000p\000o\000s\000i\000c\000i\000o\000n\000a\000m\000i\000e\000n\000t\000o\000\040\000v\000i\000s\000u\000a\000l}{}% 74
\BOOKMARK [1][-]{section.15}{\376\377\000D\000e\000c\000i\000s\000i\000o\000n\000e\000s\000\040\000a\000r\000q\000u\000i\000t\000e\000c\000t\000\363\000n\000i\000c\000a\000s}{}% 75
\BOOKMARK [2][-]{subsection.15.1}{\376\377\000D\000e\000c\000i\000s\000i\000\363\000n\000\040\0001\000:\000\040\000r\000a\000n\000k\000i\000n\000g\000\040\000c\000o\000m\000p\000u\000e\000s\000t\000o\000\040\000e\000\040\000i\000n\000t\000e\000r\000p\000r\000e\000t\000a\000b\000l\000e}{section.15}% 76
\BOOKMARK [2][-]{subsection.15.2}{\376\377\000D\000e\000c\000i\000s\000i\000\363\000n\000\040\0002\000:\000\040\000s\000e\000p\000a\000r\000a\000c\000i\000\363\000n\000\040\000e\000n\000t\000r\000e\000\040\000r\000a\000n\000k\000i\000n\000g\000\040\000l\000\363\000g\000i\000c\000o\000\040\000y\000\040\000p\000o\000s\000i\000c\000i\000o\000n\000a\000m\000i\000e\000n\000t\000o\000\040\000v\000i\000s\000u\000a\000l}{section.15}% 77
\BOOKMARK [2][-]{subsection.15.3}{\376\377\000D\000e\000c\000i\000s\000i\000\363\000n\000\040\0003\000:\000\040\000d\000i\000v\000e\000r\000s\000i\000f\000i\000c\000a\000c\000i\000\363\000n\000\040\000p\000o\000s\000t\000e\000r\000i\000o\000r\000\040\000a\000l\000\040\000r\000a\000n\000k\000i\000n\000g}{section.15}% 78
\BOOKMARK [2][-]{subsection.15.4}{\376\377\000D\000e\000c\000i\000s\000i\000\363\000n\000\040\0004\000:\000\040\000r\000e\000g\000l\000a\000s\000\040\000d\000e\000\040\000n\000e\000g\000o\000c\000i\000o\000\040\000e\000x\000p\000l\000\355\000c\000i\000t\000a\000s}{section.15}% 79
\BOOKMARK [1][-]{section.16}{\376\377\000C\000o\000n\000c\000l\000u\000s\000i\000o\000n\000e\000s}{}% 80
